Script started on 2024-02-15 18:26:40-05:00 [TERM="xterm-256color" TTY="/dev/pts/0" COLUMNS="80" LINES="24"]
]0;lvm5@remotel2: ~/214/labs/05/src[01;32mlvm5@remotel2[00m:[01;34m~/214/labs/05/src[00m$ clojure
[KClojure 1.10.1
[Kuser=> [Kuser=> [Kuser=> (def triple (fn [x][x] (* x 3)(* x 3))(fn [x] (* x 3)))user=> (def triple (fn [x] (* x 3)))user=> [K(def triple (fn [x] (* x 3)))
[K#'user/triple
user=> [Kuser=> [Kuser=> (triple 4)user=> (triple 4)user=> [K(triple 4)
12
user=> [Kuser=> [Kuser=> (defn triple [x][x] (* x 3)(* x 3))user=> (defn triple [x] (* x 3))user=> [K(defn triple [x] (* x 3))
#'user/triple
user=> [Kuser=> [Kuser=> v (#(* % 3)(* % 3) 4)user=> (#(* % 3) 4)user=> [K(#(* % 3) 4)
12
user=> [Kuser=> [Kuser=> #(+ (* %1   3 %3)(* %3 %3) (* * %4 %4)(* %4 %4))user=> #(+ (* %3 %3) (* %4 %4))user=> [K#(+ (* %3 %3) (* %4 %4))
#object[user$eval154$fn__155 0xa567e72 "user$eval154$fn__155@a567e72"]
user=> [Kuser=> [Kuser=> #(+ (* %3 %3) (* %4 %4))))[1@(#(+ (* %3 %3) (* %4 %4))3) )4)user=> [K(#(+ (* %3 %3) (* %4 %4))3 4)
Execution error (ArityException) at user/eval166 (REPL:1).
Wrong number of args (2) passed to: user/eval166/fn--167
user=> [Kuser=> [Kuser=> #(+ (* %1 %1)(* %1 %1) (* %2 %2)(* %2 %2))user=> #(+ (* %1 %1) (* %2 %2)) 4 3 4)[1@([K(#(+ (* %1 %1) (* %2 %2)) 3 4)
25
user=> [Kuser=> [Kuser=> (def sum2Squares #(+ (* %1 %1)(* %1 %1) (* %2 %2)(* %2 %2))(+ (* %1 %1) (* %2 %2)))user=> (def sum2Squares #(+ (* %1 %1) (* %2 %2)))user=> [K(def sum2Squares #(+ (* %1 %1) (* %2 %2)))
#'user/sum2Squares
user=> [Kuser=> [Kuser=> (sum2Squares 3 4)user=> (sum2Squares 3 4)user=> [K(sum2Squares 3 4)
25
user=> [Kuser=> [Kuser=> 
[K]0;lvm5@remotel2: ~/214/labs/05/src[01;32mlvm5@remotel2[00m:[01;34m~/214/labs/05/src[00m$ exit

Script done on 2024-02-15 18:29:23-05:00 [COMMAND_EXIT_CODE="0"]
